<?xml version="1.0" encoding="utf-8"?><testsuites name="pytest tests"><testsuite name="pytest" errors="0" failures="0" skipped="0" tests="64" time="184.262" timestamp="2026-09-15T04:35:48.344860+02:00" hostname="DESKTOP-208N507"><testcase classname="tests.test_bot" name="test_catalog_has_products_and_order_buttons" time="2.849" /><testcase classname="tests.test_bot" name="test_invoice_is_stars_single_price_bound_to_buyer" time="2.275" /><testcase classname="tests.test_bot" name="test_buy_requires_consent" time="1.967" /><testcase classname="tests.test_bot" name="test_paused_shop_cannot_issue_invoice" time="1.857" /><testcase classname="tests.test_bot" name="test_precheckout_rejects_wrong_amount" time="2.260" /><testcase classname="tests.test_bot" name="test_payment_not_checkout_triggers_fulfillment" time="3.664" /><testcase classname="tests.test_bot" name="test_non_admin_cannot_refund" time="2.530" /><testcase classname="tests.test_bot" name="test_admin_refund_requires_confirmation" time="3.428" /><testcase classname="tests.test_bot" name="test_customer_cannot_read_someone_elses_order" time="2.634" /><testcase classname="tests.test_bot" name="test_paysupport_identifies_merchant" time="1.780" /><testcase classname="tests.test_bot" name="test_delivery_transport_failure_retries_same_key" time="4.511" /><testcase classname="tests.test_bot" name="test_private_inventory_markup_is_literal" time="6.403" /><testcase classname="tests.test_bot" name="test_payment_lane_does_not_share_ui_queue" time="0.001" /><testcase classname="tests.test_config" name="test_config_init_unique_key_and_no_overwrite" time="0.165" /><testcase classname="tests.test_config" name="test_token_never_in_settings_repr" time="0.001" /><testcase classname="tests.test_config" name="test_production_requires_explicit_ack" time="0.001" /><testcase classname="tests.test_config" name="test_setup_requires_support_terms_privacy_and_admins" time="0.001" /><testcase classname="tests.test_config" name="test_terms_version_changes_with_privacy_or_terms" time="0.001" /><testcase classname="tests.test_config" name="test_string_boolean_rejected" time="0.100" /><testcase classname="tests.test_config" name="test_supplier_adapter_fails_without_network" time="0.003" /><testcase classname="tests.test_store" name="test_requires_terms" time="3.659" /><testcase classname="tests.test_store" name="test_invoice_taps_reuse_order_without_reserving" time="4.513" /><testcase classname="tests.test_store" name="test_checkout_validates_customer_amount_currency[USD-25-101]" time="3.472" /><testcase classname="tests.test_store" name="test_checkout_validates_customer_amount_currency[XTR-1-101]" time="2.098" /><testcase classname="tests.test_store" name="test_checkout_validates_customer_amount_currency[XTR-25-102]" time="4.219" /><testcase classname="tests.test_store" name="test_checkout_validates_customer_amount_currency[XTR-True-101]" time="2.684" /><testcase classname="tests.test_store" name="test_terms_change_rejects_old_invoice" time="2.458" /><testcase classname="tests.test_store" name="test_checkout_does_not_deliver" time="2.946" /><testcase classname="tests.test_store" name="test_precheckout_idempotent_for_same_query" time="3.607" /><testcase classname="tests.test_store" name="test_unpaid_reservation_expires" time="2.770" /><testcase classname="tests.test_store" name="test_expired_invoice_cannot_checkout" time="2.455" /><testcase classname="tests.test_store" name="test_concurrent_checkout_cannot_oversell" time="3.477" /><testcase classname="tests.test_store" name="test_confirmed_payment_is_durable_and_duplicate_safe" time="3.111" /><testcase classname="tests.test_store" name="test_concurrent_duplicate_payment_allocates_once" time="2.741" /><testcase classname="tests.test_store" name="test_extra_charge_saved_for_refund_not_delivered_twice" time="3.639" /><testcase classname="tests.test_store" name="test_mismatched_success_is_recorded_for_review[102-XTR-25]" time="3.094" /><testcase classname="tests.test_store" name="test_mismatched_success_is_recorded_for_review[101-USD-25]" time="3.300" /><testcase classname="tests.test_store" name="test_mismatched_success_is_recorded_for_review[101-XTR-2]" time="3.232" /><testcase classname="tests.test_store" name="test_unknown_success_is_not_lost" time="2.429" /><testcase classname="tests.test_store" name="test_conflicting_duplicate_is_rejected" time="2.868" /><testcase classname="tests.test_store" name="test_late_success_can_fulfill_remaining_stock" time="3.541" /><testcase classname="tests.test_store" name="test_late_payment_without_stock_needs_refund" time="5.398" /><testcase classname="tests.test_store" name="test_delivery_lease_and_retry_reuse_same_item" time="3.791" /><testcase classname="tests.test_store" name="test_delivery_failures_back_off_then_stop_for_review" time="6.825" /><testcase classname="tests.test_store" name="test_only_buyer_can_retrieve_delivered_item" time="3.722" /><testcase classname="tests.test_store" name="test_inventory_is_encrypted_and_duplicates_skipped" time="2.379" /><testcase classname="tests.test_store" name="test_wrong_key_and_environment_fail_closed" time="2.456" /><testcase classname="tests.test_store" name="test_supplier_products_cannot_be_sold" time="2.360" /><testcase classname="tests.test_store" name="test_invalid_prices_rejected[0]" time="1.898" /><testcase classname="tests.test_store" name="test_invalid_prices_rejected[-1]" time="1.762" /><testcase classname="tests.test_store" name="test_invalid_prices_rejected[1.5]" time="1.640" /><testcase classname="tests.test_store" name="test_invalid_prices_rejected[True]" time="1.720" /><testcase classname="tests.test_store" name="test_invalid_prices_rejected[25]" time="1.796" /><testcase classname="tests.test_store" name="test_production_rejects_demo_products" time="1.157" /><testcase classname="tests.test_store" name="test_price_snapshot_survives_catalog_change" time="3.084" /><testcase classname="tests.test_store" name="test_refund_holds_delivery_and_quarantines_item" time="4.305" /><testcase classname="tests.test_store" name="test_refund_blocked_while_delivery_inflight" time="3.130" /><testcase classname="tests.test_store" name="test_duplicate_extra_charge_refund_does_not_refund_original" time="3.717" /><testcase classname="tests.test_store" name="test_out_of_order_refund_prevents_delivery" time="2.870" /><testcase classname="tests.test_store" name="test_refund_update_validates_payment" time="2.575" /><testcase classname="tests.test_store" name="test_bot_identity_is_bound_to_database" time="2.117" /><testcase classname="tests.test_store" name="test_inbox_is_durable_before_offset_advances" time="3.528" /><testcase classname="tests.test_store" name="test_payment_update_retries_never_silently_discard" time="6.862" /><testcase classname="tests.test_store" name="test_inbox_stale_claim_recovered_after_crash" time="3.206" /></testsuite></testsuites>